// Jest Snapshot v1, https://goo.gl/fbAQLP

exports[`Sample2 container should render 1`] = `
<div>
  <div>
    Sample 2 Component.
  </div>
</div>
`;
